Fatal error: exception Failure("attempting to redefine already defined symbol: cast")
