Fatal error: exception Failure("Expected type Nat but instead received T<>")
