Fatal error: exception Failure("Cycle in variable declaration")
