Fatal error: exception Failure("Non-boolean expression in if statement")
