Fatal error: exception Failure("Declared type Nat but received type Bool")
