Fatal error: exception Failure("Declared type Bool -> Bool but received type Nat")
