Fatal error: exception Failure("Encountered undefined symbol: g")
