Fatal error: exception Failure("Invalid tensor literal")
