Fatal error: exception Failure("Declared type T<(1), (2)> but received type T<(3)>")
